rem ---------------------------------------------------------------------------------------------------
rem 	somecommands.txt
rem
rem	Mar 06 2018 	Initial
rem 
rem ---------------------------------------------------------------------------------------------------
rem 		New local REPOS
rem ---------------------------------------------------------------------------------------------------
git init
git config --global user.email "yves.toubhans@free.fr"
git config --global user.name "yves40"
git config --global -l

git add somecommands.txt
git commit -m "V1 on the command scratch pad file"
git show
git log
rem ---------------------------------------------------------------------------------------------------
rem 		Configuring SSH and key
rem ---------------------------------------------------------------------------------------------------
ssh-keygen -t rsa -b 4096 -C "yves.toubhans@free.fr"
Generating public/private rsa key pair.
Enter file in which to save the key (/d/ALL/LAB/SHELL/.ssh/id_rsa): yvesgit_rsa
...
D:\ALL\LAB\GITROOT\.ssh>dir
 Le volume dans le lecteur D s’appelle DATA
 Le numéro de série du volume est 6265-7D60

 Répertoire de D:\ALL\LAB\GITROOT\.ssh

06/03/2018  18:37    <DIR>          .
06/03/2018  18:37    <DIR>          ..
06/03/2018  18:37             3 326 yvesgit_rsa
06/03/2018  18:37               747 yvesgit_rsa.pub
rem ---------------------------------------------------------------------------------------------------
rem Copy files to the Windows login home .ssh directory
rem ---------------------------------------------------------------------------------------------------
D:\ALL\LAB\GITROOT\.ssh>copy yves* d:\ALL\LAB\shell\.ssh
yvesgit_rsa
yvesgit_rsa.pub
        2 fichier(s) copié(s).
rem ---------------------------------------------------------------------------------------------------
rem Add the public key to your github account profile ( cut / paste operation on the github site ) 
rem ---------------------------------------------------------------------------------------------------
rem ---------------------------------------------------------------------------------------------------
rem Start the ssh agent
rem ---------------------------------------------------------------------------------------------------
D:\ALL\LAB\GITROOT\.ssh>d:\TOOLS\Git\cmd\start-ssh-agent.cmd
Found ssh-agent at 2720
Found ssh-agent socket at /tmp/ssh-kwq63bmQF1BA/agent.14048
rem ---------------------------------------------------------------------------------------------------
rem Add the private key to the ssh agent 
rem ---------------------------------------------------------------------------------------------------
D:\ALL\LAB\GITROOT\.ssh>ssh-add %HOME%\.ssh\yvesgit_rsa
Enter passphrase for D:\ALL\LAB\SHELL\.ssh\yvesgit_rsa:
Identity added: D:\ALL\LAB\SHELL\.ssh\yvesgit_rsa (D:\ALL\LAB\SHELL\.ssh\yvesgit_rsa)
rem ---------------------------------------------------------------------------------------------------
rem Test a clone
rem ---------------------------------------------------------------------------------------------------
D:\ALL\LAB\GIT>git clone git@github.com:yves40/javascipt-for-dummies.git
Cloning into 'javascipt-for-dummies'...
remote: Counting objects: 6, done.
remote: Total 6 (delta 0), reused 0 (delta 0), pack-reused 6
Receiving objects: 100% (6/6), done.
rem ---------------------------------------------------------------------------------------------------
rem Configure user.mail and add an additional file
rem ---------------------------------------------------------------------------------------------------
git config --global user.email "yves.toubhans@free.fr"
D:\ALL\LAB\GIT\javascipt-for-dummies>git commit -am "README2 for test"
[master 1be35e0] README2 for test
 1 file changed, 4 insertions(+)
 create mode 100644 README2.txt
rem ---------------------------------------------------------------------------------------------------
rem Show the GIT local state
rem ---------------------------------------------------------------------------------------------------
D:\ALL\LAB\GIT\javascipt-for-dummies>git show
commit 1be35e0182e2cd0bb53fb4ae4b8248623d5825db (HEAD -> master)
Author: unknown <yves.toubhans@free.fr>
Date:   Tue Mar 6 20:52:52 2018 +0100

    README2 for test

diff --git a/README2.txt b/README2.txt
new file mode 100644
index 0000000..9fddcd8
--- /dev/null
+++ b/README2.txt
@@ -0,0 +1,4 @@
+# javascipt-for-dummies
+
+README2
+
rem ---------------------------------------------------------------------------------------------------
rem Pushing on github
rem ---------------------------------------------------------------------------------------------------
D:\ALL\LAB\GIT\javascipt-for-dummies>git push -u origin master
Counting objects: 3, done.
Delta compression using up to 8 threads.
Compressing objects: 100% (2/2), done.
Writing objects: 100% (3/3), 313 bytes | 313.00 KiB/s, done.
Total 3 (delta 0), reused 0 (delta 0)
To github.com:yves40/javascipt-for-dummies.git
   2c50e0f..1be35e0  master -> master
Branch 'master' set up to track remote branch 'master' from 'origin'.
rem ---------------------------------------------------------------------------------------------------
rem Get an update from github
rem ---------------------------------------------------------------------------------------------------
D:\ALL\LAB\GIT\javascipt-for-dummies>git pull
remote: Counting objects: 3, done.
remote: Compressing objects: 100% (3/3), done.
remote: Total 3 (delta 0), reused 0 (delta 0), pack-reused 0
Unpacking objects: 100% (3/3), done.
From github.com:yves40/javascipt-for-dummies
   1be35e0..5967efb  master     -> origin/master
Updating 1be35e0..5967efb
Fast-forward
 README2.txt | 1 +
 1 file changed, 1 insertion(+)
rem ---------------------------------------------------------------------------------------------------
rem Create a new REPOS on github site
rem https://git-scm.com/book/en/v2/Git-Basics-Working-with-Remotes
rem ---------------------------------------------------------------------------------------------------
D:\ALL\LAB\GITROOT>git remote add origin https://github.com/yves40/gitroot.git
D:\ALL\LAB\GITROOT>git remote -v
origin  https://github.com/yves40/gitroot.git (fetch)
origin  https://github.com/yves40/gitroot.git (push)
rem ---------------------------------------------------------------------------------------------------
rem Push local to remote
rem ---------------------------------------------------------------------------------------------------
D:\ALL\LAB\GITROOT>git push -u origin master
Logon failed, use ctrl+c to cancel basic credential prompt.
Username for 'https://github.com': yves.toubhans@free.fr
Password for 'https://yves.toubhans@free.fr@github.com':
Counting objects: 15, done.
Delta compression using up to 8 threads.
Compressing objects: 100% (14/14), done.
Writing objects: 100% (15/15), 5.84 KiB | 1.46 MiB/s, done.
Total 15 (delta 3), reused 0 (delta 0)
remote: Resolving deltas: 100% (3/3), done.
To https://github.com/yves40/gitroot.git
 * [new branch]      master -> master
Branch 'master' set up to track remote branch 'master' from 'origin'.




